// Jest Snapshot v1, https://goo.gl/fbAQLP

exports[`ImagesGrid Component should render ImagesGrid component 1`] = `"<div class=\\"makeStyles-imagesContainer-1\\"><div><h4 class=\\"makeStyles-imagesTitle-3\\">hound</h4><div class=\\"makeStyles-imageGrid-4\\"><img class=\\"makeStyles-image-5\\" src=\\"test-image-1\\" alt=\\"hound-1\\"><img class=\\"makeStyles-image-5\\" src=\\"test-image-2\\" alt=\\"hound-2\\"><img class=\\"makeStyles-image-5\\" src=\\"test-image-3\\" alt=\\"hound-3\\"></div></div><div><h4 class=\\"makeStyles-imagesTitle-3\\">hound: test</h4><div class=\\"makeStyles-imageGrid-4\\"><img class=\\"makeStyles-image-5\\" src=\\"test-image-4\\" alt=\\"hound: test-1\\"><img class=\\"makeStyles-image-5\\" src=\\"test-image-5\\" alt=\\"hound: test-2\\"></div></div></div>"`;

exports[`ImagesGrid Component should show error message if error message is set 1`] = `"<div class=\\"makeStyles-imagesContainer-21\\"><small class=\\"makeStyles-error-22\\">error</small><div><h4 class=\\"makeStyles-imagesTitle-23\\">hound</h4><div class=\\"makeStyles-imageGrid-24\\"><img class=\\"makeStyles-image-25\\" src=\\"test-image-1\\" alt=\\"hound-1\\"><img class=\\"makeStyles-image-25\\" src=\\"test-image-2\\" alt=\\"hound-2\\"><img class=\\"makeStyles-image-25\\" src=\\"test-image-3\\" alt=\\"hound-3\\"></div></div><div><h4 class=\\"makeStyles-imagesTitle-23\\">hound: test</h4><div class=\\"makeStyles-imageGrid-24\\"><img class=\\"makeStyles-image-25\\" src=\\"test-image-4\\" alt=\\"hound: test-1\\"><img class=\\"makeStyles-image-25\\" src=\\"test-image-5\\" alt=\\"hound: test-2\\"></div></div></div>"`;

exports[`ImagesGrid Component should show loader if loading is true 1`] = `"<div class=\\"makeStyles-imagesContainer-16\\"><div class=\\"MuiCircularProgress-root MuiCircularProgress-colorPrimary MuiCircularProgress-indeterminate\\" style=\\"width: 40px; height: 40px;\\" role=\\"progressbar\\"><svg class=\\"MuiCircularProgress-svg\\" viewBox=\\"22 22 44 44\\"><circle class=\\"MuiCircularProgress-circle MuiCircularProgress-circleIndeterminate\\" cx=\\"44\\" cy=\\"44\\" r=\\"20.2\\" fill=\\"none\\" stroke-width=\\"3.6\\"></circle></svg></div></div>"`;
